// Jest Snapshot v1, https://goo.gl/fbAQLP

exports[`compiler: codeframe line in middle 1`] = `
"2  |     <template key="one"></template>
3  |     <ul>
4  |         <li v-for="footbar">hi</li>
  |               ^^^^^^^^^^^^^^
5  |     </ul>
6  |     <template key="two"></template>"
`;

exports[`compiler: codeframe linear near top 1`] = `
"1  | <div>
2  |     <template key="one"></template>
  |                 ^^^^^^^^^
3  |     <ul>
4  |         <li v-for="footbar">hi</li>"
`;
